Using Python 3.9.19 environment at: environments/tdc/.venv
WARN Fixing invalid version specifier by removing trailing comma (before: `>=3.5,`; after: `>=3.5`)
WARN Fixing invalid version specifier by inserting missing dot (before: `>=2.7,!=3.0*,!=3.1*,!=3.2*`; after: `>=2.7,!=3.0.*,!=3.1.*,!=3.2.*`)
Resolved 135 packages in 1.52s
Downloading jedi (1.5MiB)
Downloading cython (1.1MiB)
Downloading babel (9.7MiB)
Downloading debugpy (5.0MiB)
Downloading setuptools (1.2MiB)
Downloading fonttools (2.6MiB)
Downloading scipy (28.9MiB)
Downloading matplotlib (7.4MiB)
Downloading numpy (13.3MiB)
Downloading cryptography (6.4MiB)
Downloading notebook (13.6MiB)
Downloading widgetsnbextension (2.1MiB)
Downloading pygments (1.2MiB)
Downloading pillow (2.9MiB)
Downloading astropy-iers-data (1.9MiB)
Downloading healpy (2.5MiB)
Downloading pykerr (45.9MiB)
Downloading jupyterlab (11.7MiB)
Downloading pyzmq (1.3MiB)
Downloading astropy (6.1MiB)
Downloading h5py (2.8MiB)
Downloading lalsuite (36.4MiB)
Downloading pycbc (4.4MiB)
   Building ligo-segments==1.4.0
   Building pegasus-wms-api==5.0.9
   Building pegasus-wms-common==5.0.9
 Downloaded cython
 Downloaded pygments
 Downloaded setuptools
 Downloaded pyzmq
 Downloaded jedi
 Downloaded astropy-iers-data
 Downloaded widgetsnbextension
   Building python-ligo-lw==1.8.3
      Built pegasus-wms-api==5.0.9
      Built pegasus-wms-common==5.0.9
 Downloaded healpy
 Downloaded fonttools
 Downloaded h5py
 Downloaded pillow
 Downloaded pycbc
 Downloaded debugpy
 Downloaded astropy
 Downloaded cryptography
 Downloaded matplotlib
 Downloaded babel
 Downloaded jupyterlab
 Downloaded numpy
 Downloaded notebook
      Built ligo-segments==1.4.0
      Built python-ligo-lw==1.8.3
 Downloaded scipy
 Downloaded lalsuite
 Downloaded pykerr
Prepared 135 packages in 16.08s
Installed 135 packages in 325ms
 + anyio==4.9.0
 + appnope==0.1.4
 + argon2-cffi==23.1.0
 + argon2-cffi-bindings==21.2.0
 + arrow==1.3.0
 + astropy==6.0.1
 + astropy-iers-data==0.2025.4.28.0.37.27
 + asttokens==3.0.0
 + async-lru==2.0.5
 + attrs==25.3.0
 + babel==2.17.0
 + beautifulsoup4==4.13.4
 + bleach==6.2.0
 + certifi==2025.4.26
 + cffi==1.17.1
 + charset-normalizer==3.4.1
 + comm==0.2.2
 + contourpy==1.3.0
 + cryptography==44.0.2
 + cycler==0.12.1
 + cython==3.0.12
 + debugpy==1.8.14
 + decorator==5.2.1
 + defusedxml==0.7.1
 + exceptiongroup==1.2.2
 + executing==2.2.0
 + fastjsonschema==2.21.1
 + fonttools==4.57.0
 + fqdn==1.5.1
 + gwdatafind==2.0.0
 + h11==0.16.0
 + h5py==3.13.0
 + healpy==1.17.3
 + httpcore==1.0.9
 + httpx==0.28.1
 + idna==3.10
 + igwn-auth-utils==1.3.1
 + igwn-segments==2.0.0
 + importlib-metadata==8.7.0
 + importlib-resources==6.5.2
 + ipykernel==6.29.5
 + ipython==8.18.1
 + ipywidgets==8.1.6
 + isoduration==20.11.0
 + jedi==0.19.2
 + jinja2==3.1.6
 + json5==0.12.0
 + jsonpointer==3.0.0
 + jsonschema==4.23.0
 + jsonschema-specifications==2025.4.1
 + jupyter==1.1.1
 + jupyter-client==8.6.3
 + jupyter-console==6.6.3
 + jupyter-core==5.7.2
 + jupyter-events==0.12.0
 + jupyter-lsp==2.2.5
 + jupyter-server==2.15.0
 + jupyter-server-terminals==0.5.3
 + jupyterlab==4.4.1
 + jupyterlab-pygments==0.3.0
 + jupyterlab-server==2.27.3
 + jupyterlab-widgets==3.0.14
 + kiwisolver==1.4.7
 + lalsuite==7.25.1
 + ligo-segments==1.4.0
 + lscsoft-glue==4.1.0
 + mako==1.3.10
 + markupsafe==3.0.2
 + matplotlib==3.9.4
 + matplotlib-inline==0.1.7
 + mistune==3.1.3
 + mpld3==0.5.10
 + nbclient==0.10.2
 + nbconvert==7.16.6
 + nbformat==5.10.4
 + nest-asyncio==1.6.0
 + notebook==7.4.1
 + notebook-shim==0.2.4
 + numpy==1.26.4
 + overrides==7.7.0
 + packaging==25.0
 + pandocfilters==1.5.1
 + parso==0.8.4
 + pegasus-wms-api==5.0.9
 + pegasus-wms-common==5.0.9
 + pexpect==4.9.0
 + pillow==11.2.1
 + platformdirs==4.3.7
 + prometheus-client==0.21.1
 + prompt-toolkit==3.0.51
 + psutil==7.0.0
 + ptyprocess==0.7.0
 + pure-eval==0.2.3
 + pycbc==2.7.2
 + pycparser==2.22
 + pyerfa==2.0.1.5
 + pygments==2.19.1
 + pyjwt==2.10.1
 + pykerr==0.1.0
 + pyparsing==3.2.3
 + python-dateutil==2.9.0.post0
 + python-json-logger==3.3.0
 + python-ligo-lw==1.8.3
 + pyyaml==6.0.2
 + pyzmq==26.4.0
 + referencing==0.36.2
 + requests==2.32.3
 + rfc3339-validator==0.1.4
 + rfc3986-validator==0.1.1
 + rpds-py==0.24.0
 + safe-netrc==1.0.1
 + scipy==1.13.1
 + scitokens==1.8.1
 + send2trash==1.8.3
 + setuptools==80.0.0
 + six==1.17.0
 + sniffio==1.3.1
 + soupsieve==2.7
 + stack-data==0.6.3
 + terminado==0.18.1
 + tinycss2==1.4.0
 + tomli==2.2.1
 + tornado==6.4.2
 + tqdm==4.67.1
 + traitlets==5.14.3
 + types-python-dateutil==2.9.0.20241206
 + typing-extensions==4.13.2
 + uri-template==1.3.0
 + urllib3==2.4.0
 + wcwidth==0.2.13
 + webcolors==24.11.1
 + webencodings==0.5.1
 + websocket-client==1.8.0
 + widgetsnbextension==4.0.14
 + zipp==3.21.0
